// Jest Snapshot v1, https://goo.gl/fbAQLP

exports[`<NationalitySelect /> should render natonality selection sorted alphabetically 1`] = `
<div
  className="InputFieldWrapper"
>
  <label
    htmlFor="select-nationality"
  >
    registration.form.nationality
     *
  </label>
  <FormikConnect(FieldInner)
    aria-required={true}
    className="test"
    component="select"
    data-cy="select-nationality"
    id="select-nationality"
    name="nationality"
  >
    <option
      key=""
      value="placeholder"
    >
      common.selectorDefault
    </option>
    <option
      key="064"
      value="064"
    >
      Bhutan
    </option>
    <option
      key="158"
      value="158"
    >
      Taiwan
    </option>
  </FormikConnect(FieldInner)>
</div>
`;
