// Jest Snapshot v1, https://goo.gl/fbAQLP

exports[`<GenderSelect /> should render gender selection sorted by code 1`] = `
<div
  className="InputFieldWrapper"
>
  <label
    htmlFor="gender-select"
  >
    registration.form.gender
  </label>
  <FormikConnect(FieldInner)
    aria-required={true}
    className="test"
    component="select"
    data-cy="select-gender"
    id="gender-select"
    name="gender"
  >
    <option
      key="placeholder"
      value="placeholder"
    >
      common.selectorDefault
    </option>
    <option
      key="1"
      value="1"
    >
      mies
    </option>
    <option
      key="2"
      value="2"
    >
      nainen
    </option>
  </FormikConnect(FieldInner)>
</div>
`;
